// Jest Snapshot v1, https://goo.gl/fbAQLP

exports[`Pruebas en <GifGridItem /> should mostrar el componente correctamente 1`] = `
<div
  className="card animate__animated animate__rotateIn"
>
  <a
    href="https://soyLaComadreja.com"
    target="_blank"
  >
    <img
      alt="Un titulo"
      src="https://soyLaComadreja.com"
    />
  </a>
  <p>
    Un titulo
  </p>
</div>
`;
